venv\Scripts\python : C
:\Users\madhusudan\Docu
ments\AMNIT\NyayaVanni\
backend\services\rag_se
rvice.py:3: 
FutureWarning: 
At line:1 char:1
+ venv\Scripts\python 
test_api.py > 
test_output.txt 2>&1
+ ~~~~~~~~~~~~~~~~~~~~~
~~~~~~~~~~~~~~~~~~~~~~~
~~~~~~~~~~
    + CategoryInfo     
         : NotSpecifi  
  ed: (C:\Users\madh   
 us...FutureWarning    
: :String) [], Rem    
oteException
    + FullyQualifiedEr 
   rorId : NativeComm  
  andError
 

All support for the 
`google.generativeai` 
package has ended. It 
will no longer be 
receiving 
updates or bug fixes. 
Please switch to the 
`google.genai` package 
as soon as possible.
See README for more 
details:

https://github.com/goog
le-gemini/deprecated-ge
nerative-ai-python/blob
/main/README.md

  import 
google.generativeai as 
genai
Embedding generation 
failed: 
  No API_KEY or ADC 
found. Please either:
    - Set the 
`GOOGLE_API_KEY` 
environment variable.
    - Manually pass 
the key with `genai.con
figure(api_key=my_api_k
ey)`.
    - Or set up 
Application Default 
Credentials, see https:
//ai.google.dev/gemini-
api/docs/oauth for 
more information.
Traceback (most recent 
call last):
  File "C:\Users\madhus
udan\Documents\AMNIT\Ny
ayaVanni\backend\test_a
pi.py", line 17, in 
test
    text = extract_docu
ment(contents, 
"test.jpg")
  File "C:\Users\madhus
udan\Documents\AMNIT\Ny
ayaVanni\backend\servic
es\ocr_service.py", 
line 48, in 
extract_document
    return extract_text
_from_image(file_bytes)
  File "C:\Users\madhus
udan\Documents\AMNIT\Ny
ayaVanni\backend\servic
es\ocr_service.py", 
line 38, in 
extract_text_from_image
    img = Image.open(io
.BytesIO(image_bytes))
  File "C:\Users\madhus
udan\Documents\AMNIT\Ny
ayaVanni\backend\venv\L
ib\site-packages\PIL\Im
age.py", line 3579, in 
open
    raise UnidentifiedI
mageError(msg)
PIL.UnidentifiedImageEr
ror: cannot identify 
image file 
<_io.BytesIO object at 
0x0000022FFED741D0>
EXCEPTION RAISED:
